// Vitest Snapshot v1, https://vitest.dev/guide/snapshot.html

exports[`getImageElementSrc > should return data svg if the image is an SVG 1`] = `"data:image/svg+xml,%3Csvg%20width%3D%221728%22%20height%3D%221118%22%20viewBox%3D%220%200%201728%201118%22%20fill%3D%22none%22%20xmlns%3D%22http%3A%2F%2Fwww.w3.org%2F2000%2Fsvg%22%3E%20%3Cg%20clip-path%3D%22url(%23clip0_134_2)%22%3E%20%3Crect%20width%3D%221728%22%20height%3D%221118%22%20fill%3D%22white%22%2F%3E%20%3Cline%20x1%3D%22-4.37114e-08%22%20y1%3D%221117.5%22%20x2%3D%221728%22%20y2%3D%221117.5%22%20stroke%3D%22%23D1D1D1%22%2F%3E%20%3Cline%20x1%3D%22-4.37114e-08%22%20y1%3D%22279.5%22%20x2%3D%221728%22%20y2%3D%22279.5%22%20stroke%3D%22%23D1D1D1%22%2F%3E%20%3Cline%20x1%3D%22863.5%22%20y1%3D%221118%22%20x2%3D%22863.5%22%20y2%3D%22-2.18556e-08%22%20stroke%3D%22%23D1D1D1%22%2F%3E%20%3Cline%20x1%3D%221295.5%22%20y1%3D%221118%22%20x2%3D%221295.5%22%20y2%3D%22-2.18556e-08%22%20stroke%3D%22%23D1D1D1%22%2F%3E%20%3Cline%20x1%3D%22431.5%22%20y1%3D%221118%22%20x2%3D%22431.5%22%20y2%3D%22-2.18556e-08%22%20stroke%3D%22%23D1D1D1%22%2F%3E%20%3Cline%20x1%3D%22-4.37114e-08%22%20y1%3D%22838.5%22%20x2%3D%221728%22%20y2%3D%22838.5%22%20stroke%3D%22%23D1D1D1%22%2F%3E%20%3Cline%20x1%3D%22-4.37114e-08%22%20y1%3D%22558.5%22%20x2%3D%221728%22%20y2%3D%22558.5%22%20stroke%3D%22%23D1D1D1%22%2F%3E%20%3Cg%20opacity%3D%220.63%22%3E%20%3Cg%20filter%3D%22url(%23filter0_f_134_2)%22%3E%20%3Ccircle%20cx%3D%221560%22%20cy%3D%22-69%22%20r%3D%22253%22%20fill%3D%22%23F4E347%22%20fill-opacity%3D%220.4%22%2F%3E%20%3C%2Fg%3E%20%3Cg%20filter%3D%22url(%23filter1_f_134_2)%22%3E%20%3Ccircle%20cy%3D%221181%22%20r%3D%22253%22%20fill%3D%22%2317275D%22%20fill-opacity%3D%220.4%22%2F%3E%20%3C%2Fg%3E%20%3Cg%20filter%3D%22url(%23filter2_f_134_2)%22%3E%20%3Ccircle%20cx%3D%221794%22%20cy%3D%221258%22%20r%3D%22498%22%20fill%3D%22%2347EAF4%22%20fill-opacity%3D%220.4%22%2F%3E%20%3C%2Fg%3E%20%3Cg%20filter%3D%22url(%23filter3_f_134_2)%22%3E%20%3Ccircle%20cx%3D%22-52.5%22%20cy%3D%22-143.5%22%20r%3D%22396.5%22%20fill%3D%22%236AF447%22%20fill-opacity%3D%220.4%22%2F%3E%20%3C%2Fg%3E%20%3C%2Fg%3E%20%3C%2Fg%3E%20%3Cdefs%3E%20%3Cfilter%20id%3D%22filter0_f_134_2%22%20x%3D%221107%22%20y%3D%22-522%22%20width%3D%22906%22%20height%3D%22906%22%20filterUnits%3D%22userSpaceOnUse%22%20color-interpolation-filters%3D%22sRGB%22%3E%20%3CfeFlood%20flood-opacity%3D%220%22%20result%3D%22BackgroundImageFix%22%2F%3E%20%3CfeBlend%20mode%3D%22normal%22%20in%3D%22SourceGraphic%22%20in2%3D%22BackgroundImageFix%22%20result%3D%22shape%22%2F%3E%20%3CfeGaussianBlur%20stdDeviation%3D%22100%22%20result%3D%22effect1_foregroundBlur_134_2%22%2F%3E%20%3C%2Ffilter%3E%20%3Cfilter%20id%3D%22filter1_f_134_2%22%20x%3D%22-453%22%20y%3D%22728%22%20width%3D%22906%22%20height%3D%22906%22%20filterUnits%3D%22userSpaceOnUse%22%20color-interpolation-filters%3D%22sRGB%22%3E%20%3CfeFlood%20flood-opacity%3D%220%22%20result%3D%22BackgroundImageFix%22%2F%3E%20%3CfeBlend%20mode%3D%22normal%22%20in%3D%22SourceGraphic%22%20in2%3D%22BackgroundImageFix%22%20result%3D%22shape%22%2F%3E%20%3CfeGaussianBlur%20stdDeviation%3D%22100%22%20result%3D%22effect1_foregroundBlur_134_2%22%2F%3E%20%3C%2Ffilter%3E%20%3Cfilter%20id%3D%22filter2_f_134_2%22%20x%3D%221096%22%20y%3D%22560%22%20width%3D%221396%22%20height%3D%221396%22%20filterUnits%3D%22userSpaceOnUse%22%20color-interpolation-filters%3D%22sRGB%22%3E%20%3CfeFlood%20flood-opacity%3D%220%22%20result%3D%22BackgroundImageFix%22%2F%3E%20%3CfeBlend%20mode%3D%22normal%22%20in%3D%22SourceGraphic%22%20in2%3D%22BackgroundImageFix%22%20result%3D%22shape%22%2F%3E%20%3CfeGaussianBlur%20stdDeviation%3D%22100%22%20result%3D%22effect1_foregroundBlur_134_2%22%2F%3E%20%3C%2Ffilter%3E%20%3Cfilter%20id%3D%22filter3_f_134_2%22%20x%3D%22-649%22%20y%3D%22-740%22%20width%3D%221193%22%20height%3D%221193%22%20filterUnits%3D%22userSpaceOnUse%22%20color-interpolation-filters%3D%22sRGB%22%3E%20%3CfeFlood%20flood-opacity%3D%220%22%20result%3D%22BackgroundImageFix%22%2F%3E%20%3CfeBlend%20mode%3D%22normal%22%20in%3D%22SourceGraphic%22%20in2%3D%22BackgroundImageFix%22%20result%3D%22shape%22%2F%3E%20%3CfeGaussianBlur%20stdDeviation%3D%22100%22%20result%3D%22effect1_foregroundBlur_134_2%22%2F%3E%20%3C%2Ffilter%3E%20%3CclipPath%20id%3D%22clip0_134_2%22%3E%20%3Crect%20width%3D%221728%22%20height%3D%221118%22%20fill%3D%22white%22%2F%3E%20%3C%2FclipPath%3E%20%3C%2Fdefs%3E%20%3C%2Fsvg%3E"`;
